// Jest Snapshot v1, https://goo.gl/fbAQLP

exports[`LoginPage should snapshot with data 1`] = `<DocumentFragment />`;
