// Jest Snapshot v1, https://goo.gl/fbAQLP

exports[`DataTable should snapshot with data 1`] = `[Function]`;
